// Jest Snapshot v1, https://goo.gl/fbAQLP

exports[`renders the music component correctly 1`] = `
<div
  className="radio-element"
>
  <h3>
    Velg musikk:
  </h3>
  <div>
    <label>
      <input
        checked={true}
        name="musicChoice1"
        onChange={[Function]}
        type="radio"
        value="bensoundmoose.mp3"
      />
       Musikk 1
    </label>
    <label>
      <input
        checked={false}
        name="musicChoice2"
        onChange={[Function]}
        type="radio"
        value="ColourOfYourFaceNoMBe.mp3"
      />
       Musikk 2
    </label>
    <label>
      <input
        checked={false}
        name="musicChoice3"
        onChange={[Function]}
        type="radio"
        value="RobotsaComethDanLebowitz.mp3"
      />
       Musikk 3
    </label>
    <br />
    <audio
      autoPlay={true}
      id="musicPlayer"
      onLoad={[Function]}
    >
      <source
        src="bensoundmoose.mp3"
        type="audio/mpeg"
      />
    </audio>
    <span
      className="pause"
      id="pButton"
      onClick={[Function]}
      onLoad={[Function]}
    >
       
    </span>
    <span
      className="lowVolume"
    >
       
    </span>
    <input
      className="slider"
      defaultValue="50"
      id="volumeSlider"
      max="100"
      min="0"
      onChange={[Function]}
      type="range"
    />
    <span
      className="maxVolume"
    >
       
    </span>
  </div>
</div>
`;
