// Jest Snapshot v1, https://goo.gl/fbAQLP

exports[`renders correctly 1`] = `
<div>
  <div
    className="radio-wrapper"
  >
    <div
      className="radio-element"
    >
      <h3>
        Velg hastighet:
      </h3>
      <div>
        <label>
          <input
            checked={true}
            name="Sakte"
            onChange={[Function]}
            type="radio"
            value={60}
          />
          Sakte  
        </label>
        <label>
          <input
            checked={false}
            name="Normal"
            onChange={[Function]}
            type="radio"
            value={35}
          />
          Normal  
        </label>
        <label>
          <input
            checked={false}
            name="Rask"
            onChange={[Function]}
            type="radio"
            value={15}
          />
          Rask
        </label>
      </div>
    </div>
    <div
      className="radio-element"
    >
      <h3>
        Velg fargetema:
      </h3>
      <div>
        <label>
          <input
            checked={true}
            name="Rødt"
            onChange={[Function]}
            type="radio"
            value="#FF0000"
          />
          Rødt  
        </label>
        <label>
          <input
            checked={false}
            name="Blått"
            onChange={[Function]}
            type="radio"
            value="#0000FF"
          />
          Blått  
        </label>
        <label>
          <input
            checked={false}
            name="Grønt"
            onChange={[Function]}
            type="radio"
            value="#00FF00"
          />
          Grønt
        </label>
      </div>
    </div>
    <div
      className="radio-element"
    >
      <h3>
        Velg musikk:
      </h3>
      <div>
        <label>
          <input
            checked={true}
            name="musicChoice1"
            onChange={[Function]}
            type="radio"
            value="bensoundmoose.mp3"
          />
           Musikk 1
        </label>
        <label>
          <input
            checked={false}
            name="musicChoice2"
            onChange={[Function]}
            type="radio"
            value="ColourOfYourFaceNoMBe.mp3"
          />
           Musikk 2
        </label>
        <label>
          <input
            checked={false}
            name="musicChoice3"
            onChange={[Function]}
            type="radio"
            value="RobotsaComethDanLebowitz.mp3"
          />
           Musikk 3
        </label>
        <br />
        <audio
          autoPlay={true}
          id="musicPlayer"
          onLoad={[Function]}
        >
          <source
            src="bensoundmoose.mp3"
            type="audio/mpeg"
          />
        </audio>
        <span
          className="pause"
          id="pButton"
          onClick={[Function]}
        >
           
        </span>
        <span
          className="lowVolume"
        >
           
        </span>
        <input
          className="slider"
          defaultValue="50"
          id="volumeSlider"
          max="100"
          min="0"
          onChange={[Function]}
          type="range"
        />
        <span
          className="maxVolume"
        >
           
        </span>
      </div>
    </div>
  </div>
  <div>
    <div>
      <div
        className="carousel-wrapper"
      >
        <div
          className="carousel-slides"
        >
          <div
            className="slide-active"
          >
            <div
              className="grid-container"
            >
              <div
                className="grid-canvas"
              >
                <canvas
                  className="canvas"
                  height={800}
                  width={800}
                />
              </div>
              <div
                className="grid-poetry"
              >
                <div
                  className="poetry-container"
                >
                  <h3>
                    
                     av 
                    
                  </h3>
                  <div>
                    <p>
                      
                    </p>
                  </div>
                </div>
              </div>
            </div>
          </div>
          <div
            className="slide-hidden"
          >
            <div
              className="grid-container"
            >
              <div
                className="grid-canvas"
              >
                <canvas
                  className="canvas"
                  height={800}
                  width={800}
                />
              </div>
              <div
                className="grid-poetry"
              >
                <div
                  className="poetry-container"
                >
                  <h3>
                    
                     av 
                    
                  </h3>
                  <div>
                    <p>
                      
                    </p>
                  </div>
                </div>
              </div>
            </div>
          </div>
          <div
            className="slide-hidden"
          >
            <div
              className="grid-container"
            >
              <div
                className="grid-canvas"
              >
                <canvas
                  className="canvas"
                  height={800}
                  width={800}
                />
              </div>
              <div
                className="grid-poetry"
              >
                <div
                  className="poetry-container"
                >
                  <h3>
                    
                     av 
                    
                  </h3>
                  <div>
                    <p>
                      
                    </p>
                  </div>
                </div>
              </div>
            </div>
          </div>
          <div
            className="slide-hidden"
          >
            <div
              className="grid-container"
            >
              <div
                className="grid-canvas"
              >
                <canvas
                  className="canvas"
                  height={800}
                  width={800}
                />
              </div>
              <div
                className="grid-poetry"
              >
                <div
                  className="poetry-container"
                >
                  <h3>
                    
                     av 
                    
                  </h3>
                  <div>
                    <p>
                      
                    </p>
                  </div>
                </div>
              </div>
            </div>
          </div>
          <div
            className="slide-hidden"
          >
            <div
              className="grid-container"
            >
              <div
                className="grid-canvas"
              >
                <canvas
                  className="canvas"
                  height={800}
                  width={800}
                />
              </div>
              <div
                className="grid-poetry"
              >
                <div
                  className="poetry-container"
                >
                  <h3>
                    
                     av 
                    
                  </h3>
                  <div>
                    <p>
                      
                    </p>
                  </div>
                </div>
              </div>
            </div>
          </div>
        </div>
        <div
          className="carousel-buttons"
        >
          <button
            className="carousel-button"
            onClick={[Function]}
            style={
              Object {
                "float": "left",
              }
            }
          >
            ≪ Forrige
          </button>
          <button
            className="carousel-button"
            onClick={[Function]}
            style={
              Object {
                "float": "right",
              }
            }
          >
            Neste ≫
          </button>
        </div>
      </div>
    </div>
  </div>
</div>
`;
